[backblue.gif]
[fade.gif]
[index.html]
[demo.bonefishcode.com/flat-tech/demo/flat-color-bg/assets/img/apple-touch-icon.png]
[demo.bonefishcode.com/flat-tech/demo/flat-color-bg/assets/img/favicon.ico]
[demo.bonefishcode.com/flat-tech/demo/flat-color-bg/assets/js/vendor/html5shiv.min.js]
[demo.bonefishcode.com/flat-tech/demo/flat-color-bg/assets/img/ccard_toggle.png]
[demo.bonefishcode.com/flat-tech/demo/flat-color-bg/assets/img/site-header-logo.png]
[demo.bonefishcode.com/flat-tech/demo/flat-color-bg/assets/img/item/home.png]
[demo.bonefishcode.com/flat-tech/demo/flat-color-bg/assets/img/icon/rocket.png]
[demo.bonefishcode.com/flat-tech/demo/flat-color-bg/assets/img/icon/crown.png]
[demo.bonefishcode.com/flat-tech/demo/flat-color-bg/assets/img/icon/diamond.png]
[demo.bonefishcode.com/flat-tech/demo/flat-color-bg/assets/img/icon/chat.png]
[demo.bonefishcode.com/flat-tech/demo/flat-color-bg/assets/img/icon/pencil.png]
[demo.bonefishcode.com/flat-tech/demo/flat-color-bg/assets/img/icon/skull.png]
[demo.bonefishcode.com/flat-tech/demo/flat-color-bg/assets/img/item/brief-1.png]
[demo.bonefishcode.com/flat-tech/demo/flat-color-bg/assets/img/item/brief-2.png]
[demo.bonefishcode.com/flat-tech/demo/flat-color-bg/assets/img/icon/camera.png]
[demo.bonefishcode.com/flat-tech/demo/flat-color-bg/assets/img/icon/support.png]
[demo.bonefishcode.com/flat-tech/demo/flat-color-bg/assets/img/icon/paint.png]
[demo.bonefishcode.com/flat-tech/demo/flat-color-bg/assets/img/item/brief-3.png]
[demo.bonefishcode.com/flat-tech/demo/flat-color-bg/assets/img/icon/mobile.png]
[demo.bonefishcode.com/flat-tech/demo/flat-color-bg/assets/img/icon/mail.png]
[demo.bonefishcode.com/flat-tech/demo/flat-color-bg/assets/img/icon/pin.png]
[demo.bonefishcode.com/flat-tech/demo/flat-color-bg/assets/img/site-footer-logo.png]
[demo.bonefishcode.com/flat-tech/demo/flat-color-bg/assets/js/vendor/jquery-1.11.3.min.js]
[demo.bonefishcode.com/flat-tech/demo/flat-color-bg/assets/js/vendor/bootstrap.min.js]
[demo.bonefishcode.com/flat-tech/demo/flat-color-bg/assets/js/vendor/plugin.js]
[demo.bonefishcode.com/flat-tech/demo/flat-color-bg/assets/js/variable.js]
[demo.bonefishcode.com/flat-tech/demo/flat-color-bg/assets/js/map.js]
[demo.bonefishcode.com/flat-tech/demo/flat-color-bg/assets/js/main.js]
[demo.bonefishcode.com/flat-tech/demo/flat-color-bg/assets/js/demo.js]
[demo.bonefishcode.com/flat-tech/demo/flat-color-bg/index.html]
[demo.bonefishcode.com/flat-tech/demo/flat-color-bg/assets/fonts/glyphicons-halflings-regular.eot]
[demo.bonefishcode.com/flat-tech/demo/flat-color-bg/assets/fonts/glyphicons-halflings-regular.woff2]
[demo.bonefishcode.com/flat-tech/demo/flat-color-bg/assets/fonts/glyphicons-halflings-regulard41d.eot]
[demo.bonefishcode.com/flat-tech/demo/flat-color-bg/assets/fonts/glyphicons-halflings-regular.woff]
[demo.bonefishcode.com/flat-tech/demo/flat-color-bg/assets/fonts/glyphicons-halflings-regular.ttf]
[demo.bonefishcode.com/flat-tech/demo/flat-color-bg/assets/css/bootstrap.min.css]
[demo.bonefishcode.com/flat-tech/demo/flat-color-bg/assets/fonts/fontawesome-webfont3295.eot]
[demo.bonefishcode.com/flat-tech/demo/flat-color-bg/assets/fonts/fontawesome-webfontd41d.eot]
[demo.bonefishcode.com/flat-tech/demo/flat-color-bg/assets/fonts/fontawesome-webfont3295.woff2]
[demo.bonefishcode.com/flat-tech/demo/flat-color-bg/assets/fonts/fontawesome-webfont3295.woff]
[demo.bonefishcode.com/flat-tech/demo/flat-color-bg/assets/fonts/fontawesome-webfont3295.ttf]
[demo.bonefishcode.com/flat-tech/demo/flat-color-bg/assets/fonts/ytp-regular.eot]
[demo.bonefishcode.com/flat-tech/demo/flat-color-bg/assets/css/vendor.css]
[demo.bonefishcode.com/flat-tech/demo/flat-color-bg/assets/img/bg/site-bg-img.jpg]
[demo.bonefishcode.com/flat-tech/demo/flat-color-bg/assets/img/bg/site-bg-video.jpg]
[demo.bonefishcode.com/flat-tech/demo/flat-color-bg/assets/img/bg/site-bg-video-youtube.jpg]
[demo.bonefishcode.com/flat-tech/demo/flat-color-bg/assets/css/style.css]
[demo.bonefishcode.com/flat-tech/demo/flat-color-bg/assets/css/demo.css]
[demo.bonefishcode.com/flat-tech/demo/flat-color-bg/assets/css/custom.css]
[demo.bonefishcode.com/flat-tech/demo/flat-color-bg/assets/fonts/glyphicons-halflings-regular.svg]
[demo.bonefishcode.com/flat-tech/demo/flat-color-bg/assets/fonts/fontawesome-webfont3295.svg]
[demo.bonefishcode.com/flat-tech/demo/flat-color-bg/assets/css/images/raster.html]
[demo.bonefishcode.com/flat-tech/demo/flat-color-bg/assets/css/images/raster@2x.html]
[demo.bonefishcode.com/flat-tech/demo/flat-color-bg/assets/css/images/raster_dot.html]
[demo.bonefishcode.com/flat-tech/demo/flat-color-bg/assets/css/images/raster_dot@2x.html]
